---
source: tui/src/model_migration.rs
expression: terminal.backend()
---

> Brocode just got an upgrade. Introducing gpt-5.1-brocode-m

  We recommend switching from gpt-5-brocode to
  gpt-5.1-brocode-max.

  Brocode-optimized flagship for deep and fast reasoning.
  Learn more about gpt-5.1-brocode-max at
  https://www.brocode.com/models/gpt-5.1-brocode-max

  Press enter to continue
