---
source: tui/src/model_migration.rs
expression: terminal.backend()
---

> Brocode just got an upgrade. Introducing gpt-5.1-brocode-m

  We recommend switching from gpt-5-brocode-mini to
  gpt-5.1-brocode-mini.

  Optimized for brocode. Cheaper, faster, but less capable.
  Learn more about gpt-5.1-brocode-mini at
  https://www.brocode.com/models/gpt-5.1-brocode-mini

  Press enter to continue
