---
source: tui/src/chatwidget/tests.rs
expression: terminal.backend()
---
"                                                                                "
"                                                                                "
"› Ask brocode to do anything                                                      "
"                                                                                "
"  Fast on                                                                       "
