---
source: tui_app_server/src/chatwidget/tests.rs
expression: terminal.backend()
---
"                                                                                "
"                                                                                "
"› [PROMPT HERE]                                                                 "
"                                                                                "
"  Fast on                                                                       "
