---
source: tui/src/bottom_pane/chat_composer.rs
expression: terminal.backend()
---
"                          "
"› Ask brocode to do anythin "
"                          "
"                          "
"                          "
"                          "
"                          "
"                          "
"       100% context left  "
