---
source: tui_app_server/src/bottom_pane/mod.rs
assertion_line: 1475
expression: "render_snapshot(&pane, area)"
---
• Working (0s • esc to interr…
                              
                              
› Ask brocode to do anything  
                              
           100% context left
