---
source: tui/src/bottom_pane/chat_composer.rs
expression: terminal.backend()
---
"                                                            "
"› [PROMPT HERE]                                  "
"                                                            "
"                                                            "
"                                                            "
"                                                            "
"                                                            "
"                                                            "
"  Plan mode (shift+tab to cycle)         100% context left  "
