---
source: tui/src/chatwidget/tests.rs
expression: terminal.backend()
---
"                                                                                "
"• Working (0s • esc to interrupt)                                               "
"                                                                                "
"                                                                                "
"› [PROMPT HERE]                                                                 "
"                                                                                "
"  ? for shortcuts                                            100% context left  "
