---
source: tui/src/chatwidget/tests.rs
expression: normalized_backend_snapshot(terminal.backend())
---
"                                                                                "
"                                                                                "
"› Ask Brocode to do anything                                                    "
"                                                                                "
"  Fast on                                                                       "
