---
source: tui/src/chatwidget/tests.rs
expression: normalized_backend_snapshot(terminal.backend())
---
"                                                                                "
"• Working (0s • esc to interrupt)                                               "
"                                                                                "
"                                                                                "
"› Ask Brocode to do anything                                                    "
"                                                                                "
"  gpt-5.3-brocode default · 100% left · /tmp/project                            "
